Archive member included to satisfy reference by file (symbol)

e:/atollic studio/truestudio for stm32 9.0.0/armtools/bin/../lib/gcc/arm-atollic-eabi/6.3.1/../../../../arm-atollic-eabi/lib/armv7e-m/fpu\libc_nano.a(lib_a-init.o)
                              startup\startup_stm32f413xx.o (__libc_init_array)

Allocating common symbols
Common symbol       size              file

cobsArr1            0x4e20            Src\stm32f4xx_it.o
cobsArr2            0x9c40            Src\stm32f4xx_it.o
meArr               0x4e20            Src\stm32f4xx_it.o

Discarded input sections

 .text          0x00000000        0x0 e:/atollic studio/truestudio for stm32 9.0.0/armtools/bin/../lib/gcc/arm-atollic-eabi/6.3.1/armv7e-m/fpu/crti.o
 .data          0x00000000        0x0 e:/atollic studio/truestudio for stm32 9.0.0/armtools/bin/../lib/gcc/arm-atollic-eabi/6.3.1/armv7e-m/fpu/crti.o
 .bss           0x00000000        0x0 e:/atollic studio/truestudio for stm32 9.0.0/armtools/bin/../lib/gcc/arm-atollic-eabi/6.3.1/armv7e-m/fpu/crti.o
 .data          0x00000000        0x4 e:/atollic studio/truestudio for stm32 9.0.0/armtools/bin/../lib/gcc/arm-atollic-eabi/6.3.1/armv7e-m/fpu/crtbegin.o
 .text          0x00000000        0x0 Drivers\STM32F4xx_HAL_Driver\Src\stm32f4xx_ll_dma.o
 .data          0x00000000        0x0 Drivers\STM32F4xx_HAL_Driver\Src\stm32f4xx_ll_dma.o
 .bss           0x00000000        0x0 Drivers\STM32F4xx_HAL_Driver\Src\stm32f4xx_ll_dma.o
 .text.LL_DMA_DeInit
                0x00000000      0x18c Drivers\STM32F4xx_HAL_Driver\Src\stm32f4xx_ll_dma.o
 .text.LL_DMA_Init
                0x00000000       0x84 Drivers\STM32F4xx_HAL_Driver\Src\stm32f4xx_ll_dma.o
 .text.LL_DMA_StructInit
                0x00000000       0x22 Drivers\STM32F4xx_HAL_Driver\Src\stm32f4xx_ll_dma.o
 .rodata.STREAM_OFFSET_TAB
                0x00000000        0x8 Drivers\STM32F4xx_HAL_Driver\Src\stm32f4xx_ll_dma.o
 .debug_info    0x00000000      0x9b2 Drivers\STM32F4xx_HAL_Driver\Src\stm32f4xx_ll_dma.o
 .debug_abbrev  0x00000000      0x248 Drivers\STM32F4xx_HAL_Driver\Src\stm32f4xx_ll_dma.o
 .debug_loc     0x00000000      0x3f4 Drivers\STM32F4xx_HAL_Driver\Src\stm32f4xx_ll_dma.o
 .debug_aranges
                0x00000000       0x30 Drivers\STM32F4xx_HAL_Driver\Src\stm32f4xx_ll_dma.o
 .debug_ranges  0x00000000       0xb8 Drivers\STM32F4xx_HAL_Driver\Src\stm32f4xx_ll_dma.o
 .debug_line    0x00000000      0x3b0 Drivers\STM32F4xx_HAL_Driver\Src\stm32f4xx_ll_dma.o
 .debug_str     0x00000000      0x646 Drivers\STM32F4xx_HAL_Driver\Src\stm32f4xx_ll_dma.o
 .comment       0x00000000       0x7d Drivers\STM32F4xx_HAL_Driver\Src\stm32f4xx_ll_dma.o
 .debug_frame   0x00000000       0x54 Drivers\STM32F4xx_HAL_Driver\Src\stm32f4xx_ll_dma.o
 .ARM.attributes
                0x00000000       0x39 Drivers\STM32F4xx_HAL_Driver\Src\stm32f4xx_ll_dma.o
 .text          0x00000000        0x0 Drivers\STM32F4xx_HAL_Driver\Src\stm32f4xx_ll_exti.o
 .data          0x00000000        0x0 Drivers\STM32F4xx_HAL_Driver\Src\stm32f4xx_ll_exti.o
 .bss           0x00000000        0x0 Drivers\STM32F4xx_HAL_Driver\Src\stm32f4xx_ll_exti.o
 .text.LL_EXTI_DeInit
                0x00000000       0x1c Drivers\STM32F4xx_HAL_Driver\Src\stm32f4xx_ll_exti.o
 .text.LL_EXTI_Init
                0x00000000       0xb0 Drivers\STM32F4xx_HAL_Driver\Src\stm32f4xx_ll_exti.o
 .text.LL_EXTI_StructInit
                0x00000000        0xe Drivers\STM32F4xx_HAL_Driver\Src\stm32f4xx_ll_exti.o
 .debug_info    0x00000000      0x4bd Drivers\STM32F4xx_HAL_Driver\Src\stm32f4xx_ll_exti.o
 .debug_abbrev  0x00000000      0x1d9 Drivers\STM32F4xx_HAL_Driver\Src\stm32f4xx_ll_exti.o
 .debug_loc     0x00000000      0x190 Drivers\STM32F4xx_HAL_Driver\Src\stm32f4xx_ll_exti.o
 .debug_aranges
                0x00000000       0x30 Drivers\STM32F4xx_HAL_Driver\Src\stm32f4xx_ll_exti.o
 .debug_ranges  0x00000000       0x38 Drivers\STM32F4xx_HAL_Driver\Src\stm32f4xx_ll_exti.o
 .debug_line    0x00000000      0x284 Drivers\STM32F4xx_HAL_Driver\Src\stm32f4xx_ll_exti.o
 .debug_str     0x00000000      0x3db Drivers\STM32F4xx_HAL_Driver\Src\stm32f4xx_ll_exti.o
 .comment       0x00000000       0x7d Drivers\STM32F4xx_HAL_Driver\Src\stm32f4xx_ll_exti.o
 .debug_frame   0x00000000       0x48 Drivers\STM32F4xx_HAL_Driver\Src\stm32f4xx_ll_exti.o
 .ARM.attributes
                0x00000000       0x39 Drivers\STM32F4xx_HAL_Driver\Src\stm32f4xx_ll_exti.o
 .text          0x00000000        0x0 Drivers\STM32F4xx_HAL_Driver\Src\stm32f4xx_ll_gpio.o
 .data          0x00000000        0x0 Drivers\STM32F4xx_HAL_Driver\Src\stm32f4xx_ll_gpio.o
 .bss           0x00000000        0x0 Drivers\STM32F4xx_HAL_Driver\Src\stm32f4xx_ll_gpio.o
 .text.LL_AHB1_GRP1_ForceReset
                0x00000000       0x10 Drivers\STM32F4xx_HAL_Driver\Src\stm32f4xx_ll_gpio.o
 .text.LL_AHB1_GRP1_ReleaseReset
                0x00000000       0x10 Drivers\STM32F4xx_HAL_Driver\Src\stm32f4xx_ll_gpio.o
 .text.LL_GPIO_DeInit
                0x00000000       0xac Drivers\STM32F4xx_HAL_Driver\Src\stm32f4xx_ll_gpio.o
 .text.LL_GPIO_StructInit
                0x00000000       0x18 Drivers\STM32F4xx_HAL_Driver\Src\stm32f4xx_ll_gpio.o
 .text          0x00000000        0x0 Drivers\STM32F4xx_HAL_Driver\Src\stm32f4xx_ll_rcc.o
 .data          0x00000000        0x0 Drivers\STM32F4xx_HAL_Driver\Src\stm32f4xx_ll_rcc.o
 .bss           0x00000000        0x0 Drivers\STM32F4xx_HAL_Driver\Src\stm32f4xx_ll_rcc.o
 .text.LL_RCC_PLLI2S_GetMainSource
                0x00000000       0x20 Drivers\STM32F4xx_HAL_Driver\Src\stm32f4xx_ll_rcc.o
 .text.LL_RCC_DeInit
                0x00000000       0x74 Drivers\STM32F4xx_HAL_Driver\Src\stm32f4xx_ll_rcc.o
 .text.LL_RCC_GetFMPI2CClockFreq
                0x00000000       0x50 Drivers\STM32F4xx_HAL_Driver\Src\stm32f4xx_ll_rcc.o
 .text.LL_RCC_GetLPTIMClockFreq
                0x00000000       0x70 Drivers\STM32F4xx_HAL_Driver\Src\stm32f4xx_ll_rcc.o
 .text.LL_RCC_GetDFSDMClockFreq
                0x00000000       0x38 Drivers\STM32F4xx_HAL_Driver\Src\stm32f4xx_ll_rcc.o
 .text.RCC_PLL_GetFreqDomain_48M
                0x00000000       0x3c Drivers\STM32F4xx_HAL_Driver\Src\stm32f4xx_ll_rcc.o
 .text.RCC_PLL_GetFreqDomain_I2S
                0x00000000       0x3c Drivers\STM32F4xx_HAL_Driver\Src\stm32f4xx_ll_rcc.o
 .text.RCC_PLL_GetFreqDomain_SAI
                0x00000000       0x4c Drivers\STM32F4xx_HAL_Driver\Src\stm32f4xx_ll_rcc.o
 .text.RCC_PLLI2S_GetFreqDomain_SAI
                0x00000000       0x64 Drivers\STM32F4xx_HAL_Driver\Src\stm32f4xx_ll_rcc.o
 .text.LL_RCC_GetSAIClockFreq
                0x00000000       0x94 Drivers\STM32F4xx_HAL_Driver\Src\stm32f4xx_ll_rcc.o
 .text.RCC_PLLI2S_GetFreqDomain_I2S
                0x00000000       0x58 Drivers\STM32F4xx_HAL_Driver\Src\stm32f4xx_ll_rcc.o
 .text.LL_RCC_GetI2SClockFreq
                0x00000000       0xa8 Drivers\STM32F4xx_HAL_Driver\Src\stm32f4xx_ll_rcc.o
 .text.LL_RCC_GetDFSDMAudioClockFreq
                0x00000000       0x30 Drivers\STM32F4xx_HAL_Driver\Src\stm32f4xx_ll_rcc.o
 .text.RCC_PLLI2S_GetFreqDomain_48M
                0x00000000       0x58 Drivers\STM32F4xx_HAL_Driver\Src\stm32f4xx_ll_rcc.o
 .text.LL_RCC_GetSDIOClockFreq
                0x00000000       0x38 Drivers\STM32F4xx_HAL_Driver\Src\stm32f4xx_ll_rcc.o
 .text.LL_RCC_GetUSBClockFreq
                0x00000000       0x28 Drivers\STM32F4xx_HAL_Driver\Src\stm32f4xx_ll_rcc.o
 .text.LL_RCC_GetRNGClockFreq
                0x00000000        0x4 Drivers\STM32F4xx_HAL_Driver\Src\stm32f4xx_ll_rcc.o
 .text          0x00000000        0x0 Drivers\STM32F4xx_HAL_Driver\Src\stm32f4xx_ll_spi.o
 .data          0x00000000        0x0 Drivers\STM32F4xx_HAL_Driver\Src\stm32f4xx_ll_spi.o
 .bss           0x00000000        0x0 Drivers\STM32F4xx_HAL_Driver\Src\stm32f4xx_ll_spi.o
 .text.LL_SPI_DeInit
                0x00000000       0xa0 Drivers\STM32F4xx_HAL_Driver\Src\stm32f4xx_ll_spi.o
 .text.LL_SPI_StructInit
                0x00000000       0x1a Drivers\STM32F4xx_HAL_Driver\Src\stm32f4xx_ll_spi.o
 .text.LL_I2S_DeInit
                0x00000000        0x4 Drivers\STM32F4xx_HAL_Driver\Src\stm32f4xx_ll_spi.o
 .text.LL_I2S_Init
                0x00000000       0x94 Drivers\STM32F4xx_HAL_Driver\Src\stm32f4xx_ll_spi.o
 .text.LL_I2S_StructInit
                0x00000000       0x12 Drivers\STM32F4xx_HAL_Driver\Src\stm32f4xx_ll_spi.o
 .text.LL_I2S_ConfigPrescaler
                0x00000000       0x14 Drivers\STM32F4xx_HAL_Driver\Src\stm32f4xx_ll_spi.o
 .text.LL_I2S_InitFullDuplex
                0x00000000       0x44 Drivers\STM32F4xx_HAL_Driver\Src\stm32f4xx_ll_spi.o
 .text          0x00000000        0x0 Drivers\STM32F4xx_HAL_Driver\Src\stm32f4xx_ll_tim.o
 .data          0x00000000        0x0 Drivers\STM32F4xx_HAL_Driver\Src\stm32f4xx_ll_tim.o
 .bss           0x00000000        0x0 Drivers\STM32F4xx_HAL_Driver\Src\stm32f4xx_ll_tim.o
 .text.LL_APB1_GRP1_ForceReset
                0x00000000       0x10 Drivers\STM32F4xx_HAL_Driver\Src\stm32f4xx_ll_tim.o
 .text.LL_APB1_GRP1_ReleaseReset
                0x00000000       0x10 Drivers\STM32F4xx_HAL_Driver\Src\stm32f4xx_ll_tim.o
 .text.LL_TIM_DeInit
                0x00000000      0x158 Drivers\STM32F4xx_HAL_Driver\Src\stm32f4xx_ll_tim.o
 .text.LL_TIM_StructInit
                0x00000000       0x12 Drivers\STM32F4xx_HAL_Driver\Src\stm32f4xx_ll_tim.o
 .text.LL_TIM_OC_StructInit
                0x00000000       0x14 Drivers\STM32F4xx_HAL_Driver\Src\stm32f4xx_ll_tim.o
 .text.LL_TIM_IC_StructInit
                0x00000000       0x10 Drivers\STM32F4xx_HAL_Driver\Src\stm32f4xx_ll_tim.o
 .text.LL_TIM_IC_Init
                0x00000000       0xd8 Drivers\STM32F4xx_HAL_Driver\Src\stm32f4xx_ll_tim.o
 .text.LL_TIM_ENCODER_StructInit
                0x00000000       0x1c Drivers\STM32F4xx_HAL_Driver\Src\stm32f4xx_ll_tim.o
 .text.LL_TIM_ENCODER_Init
                0x00000000       0x5a Drivers\STM32F4xx_HAL_Driver\Src\stm32f4xx_ll_tim.o
 .text.LL_TIM_HALLSENSOR_StructInit
                0x00000000        0xc Drivers\STM32F4xx_HAL_Driver\Src\stm32f4xx_ll_tim.o
 .text.LL_TIM_HALLSENSOR_Init
                0x00000000       0x52 Drivers\STM32F4xx_HAL_Driver\Src\stm32f4xx_ll_tim.o
 .text.LL_TIM_BDTR_StructInit
                0x00000000       0x12 Drivers\STM32F4xx_HAL_Driver\Src\stm32f4xx_ll_tim.o
 .text.LL_TIM_BDTR_Init
                0x00000000       0x34 Drivers\STM32F4xx_HAL_Driver\Src\stm32f4xx_ll_tim.o
 .text          0x00000000        0x0 Drivers\STM32F4xx_HAL_Driver\Src\stm32f4xx_ll_usart.o
 .data          0x00000000        0x0 Drivers\STM32F4xx_HAL_Driver\Src\stm32f4xx_ll_usart.o
 .bss           0x00000000        0x0 Drivers\STM32F4xx_HAL_Driver\Src\stm32f4xx_ll_usart.o
 .text.LL_USART_DeInit
                0x00000000      0x138 Drivers\STM32F4xx_HAL_Driver\Src\stm32f4xx_ll_usart.o
 .text.LL_USART_StructInit
                0x00000000       0x18 Drivers\STM32F4xx_HAL_Driver\Src\stm32f4xx_ll_usart.o
 .text.LL_USART_ClockInit
                0x00000000       0x34 Drivers\STM32F4xx_HAL_Driver\Src\stm32f4xx_ll_usart.o
 .text.LL_USART_ClockStructInit
                0x00000000        0xc Drivers\STM32F4xx_HAL_Driver\Src\stm32f4xx_ll_usart.o
 .text          0x00000000        0x0 Drivers\STM32F4xx_HAL_Driver\Src\stm32f4xx_ll_utils.o
 .data          0x00000000        0x0 Drivers\STM32F4xx_HAL_Driver\Src\stm32f4xx_ll_utils.o
 .bss           0x00000000        0x0 Drivers\STM32F4xx_HAL_Driver\Src\stm32f4xx_ll_utils.o
 .text.UTILS_SetFlashLatency.part.0
                0x00000000       0xac Drivers\STM32F4xx_HAL_Driver\Src\stm32f4xx_ll_utils.o
 .text.UTILS_PLL_IsBusy
                0x00000000       0x1c Drivers\STM32F4xx_HAL_Driver\Src\stm32f4xx_ll_utils.o
 .text.UTILS_EnablePLLAndSwitchSystem
                0x00000000       0x9c Drivers\STM32F4xx_HAL_Driver\Src\stm32f4xx_ll_utils.o
 .text.LL_mDelay
                0x00000000       0x28 Drivers\STM32F4xx_HAL_Driver\Src\stm32f4xx_ll_utils.o
 .text.LL_PLL_ConfigSystemClock_HSI
                0x00000000       0x78 Drivers\STM32F4xx_HAL_Driver\Src\stm32f4xx_ll_utils.o
 .text.LL_PLL_ConfigSystemClock_HSE
                0x00000000       0x8c Drivers\STM32F4xx_HAL_Driver\Src\stm32f4xx_ll_utils.o
 .text          0x00000000        0x0 Src\gpio.o
 .data          0x00000000        0x0 Src\gpio.o
 .bss           0x00000000        0x0 Src\gpio.o
 .text          0x00000000        0x0 Src\main.o
 .data          0x00000000        0x0 Src\main.o
 .bss           0x00000000        0x0 Src\main.o
 .text._Error_Handler
                0x00000000        0x2 Src\main.o
 .text          0x00000000        0x0 Src\spi.o
 .data          0x00000000        0x0 Src\spi.o
 .bss           0x00000000        0x0 Src\spi.o
 .text          0x00000000        0x0 Src\stm32f4xx_it.o
 .data          0x00000000        0x0 Src\stm32f4xx_it.o
 .bss           0x00000000        0x0 Src\stm32f4xx_it.o
 .text          0x00000000        0x0 Src\system_stm32f4xx.o
 .data          0x00000000        0x0 Src\system_stm32f4xx.o
 .bss           0x00000000        0x0 Src\system_stm32f4xx.o
 .text.SystemCoreClockUpdate
                0x00000000       0x74 Src\system_stm32f4xx.o
 .text          0x00000000        0x0 Src\tim.o
 .data          0x00000000        0x0 Src\tim.o
 .bss           0x00000000        0x0 Src\tim.o
 .text          0x00000000        0x0 Src\usart.o
 .data          0x00000000        0x0 Src\usart.o
 .bss           0x00000000        0x0 Src\usart.o
 .text.StuffData
                0x00000000       0x3c Src\usart.o
 .text.UnStuffData
                0x00000000       0x36 Src\usart.o
 .text          0x00000000       0x14 startup\startup_stm32f413xx.o
 .data          0x00000000        0x0 startup\startup_stm32f413xx.o
 .bss           0x00000000        0x0 startup\startup_stm32f413xx.o
 .text          0x00000000        0x0 e:/atollic studio/truestudio for stm32 9.0.0/armtools/bin/../lib/gcc/arm-atollic-eabi/6.3.1/../../../../arm-atollic-eabi/lib/armv7e-m/fpu\libc_nano.a(lib_a-init.o)
 .data          0x00000000        0x0 e:/atollic studio/truestudio for stm32 9.0.0/armtools/bin/../lib/gcc/arm-atollic-eabi/6.3.1/../../../../arm-atollic-eabi/lib/armv7e-m/fpu\libc_nano.a(lib_a-init.o)
 .bss           0x00000000        0x0 e:/atollic studio/truestudio for stm32 9.0.0/armtools/bin/../lib/gcc/arm-atollic-eabi/6.3.1/../../../../arm-atollic-eabi/lib/armv7e-m/fpu\libc_nano.a(lib_a-init.o)
 .text          0x00000000        0x0 e:/atollic studio/truestudio for stm32 9.0.0/armtools/bin/../lib/gcc/arm-atollic-eabi/6.3.1/armv7e-m/fpu/crtend.o
 .data          0x00000000        0x0 e:/atollic studio/truestudio for stm32 9.0.0/armtools/bin/../lib/gcc/arm-atollic-eabi/6.3.1/armv7e-m/fpu/crtend.o
 .bss           0x00000000        0x0 e:/atollic studio/truestudio for stm32 9.0.0/armtools/bin/../lib/gcc/arm-atollic-eabi/6.3.1/armv7e-m/fpu/crtend.o
 .eh_frame      0x00000000        0x4 e:/atollic studio/truestudio for stm32 9.0.0/armtools/bin/../lib/gcc/arm-atollic-eabi/6.3.1/armv7e-m/fpu/crtend.o
 .ARM.attributes
                0x00000000       0x34 e:/atollic studio/truestudio for stm32 9.0.0/armtools/bin/../lib/gcc/arm-atollic-eabi/6.3.1/armv7e-m/fpu/crtend.o
 .text          0x00000000        0x0 e:/atollic studio/truestudio for stm32 9.0.0/armtools/bin/../lib/gcc/arm-atollic-eabi/6.3.1/armv7e-m/fpu/crtn.o
 .data          0x00000000        0x0 e:/atollic studio/truestudio for stm32 9.0.0/armtools/bin/../lib/gcc/arm-atollic-eabi/6.3.1/armv7e-m/fpu/crtn.o
 .bss           0x00000000        0x0 e:/atollic studio/truestudio for stm32 9.0.0/armtools/bin/../lib/gcc/arm-atollic-eabi/6.3.1/armv7e-m/fpu/crtn.o

Memory Configuration

Name             Origin             Length             Attributes
RAM              0x20000000         0x00050000         xrw
FLASH            0x08000000         0x00180000         xr
*default*        0x00000000         0xffffffff

Linker script and memory map

LOAD e:/atollic studio/truestudio for stm32 9.0.0/armtools/bin/../lib/gcc/arm-atollic-eabi/6.3.1/armv7e-m/fpu/crti.o
LOAD e:/atollic studio/truestudio for stm32 9.0.0/armtools/bin/../lib/gcc/arm-atollic-eabi/6.3.1/armv7e-m/fpu/crtbegin.o
LOAD Drivers\STM32F4xx_HAL_Driver\Src\stm32f4xx_ll_dma.o
LOAD Drivers\STM32F4xx_HAL_Driver\Src\stm32f4xx_ll_exti.o
LOAD Drivers\STM32F4xx_HAL_Driver\Src\stm32f4xx_ll_gpio.o
LOAD Drivers\STM32F4xx_HAL_Driver\Src\stm32f4xx_ll_rcc.o
LOAD Drivers\STM32F4xx_HAL_Driver\Src\stm32f4xx_ll_spi.o
LOAD Drivers\STM32F4xx_HAL_Driver\Src\stm32f4xx_ll_tim.o
LOAD Drivers\STM32F4xx_HAL_Driver\Src\stm32f4xx_ll_usart.o
LOAD Drivers\STM32F4xx_HAL_Driver\Src\stm32f4xx_ll_utils.o
LOAD Src\gpio.o
LOAD Src\main.o
LOAD Src\spi.o
LOAD Src\stm32f4xx_it.o
LOAD Src\system_stm32f4xx.o
LOAD Src\tim.o
LOAD Src\usart.o
LOAD startup\startup_stm32f413xx.o
                0x00000080                malloc_getpagesize_P = 0x80
START GROUP
LOAD e:/atollic studio/truestudio for stm32 9.0.0/armtools/bin/../lib/gcc/arm-atollic-eabi/6.3.1/../../../../arm-atollic-eabi/lib/armv7e-m/fpu\libc_nano.a
LOAD e:/atollic studio/truestudio for stm32 9.0.0/armtools/bin/../lib/gcc/arm-atollic-eabi/6.3.1/../../../../arm-atollic-eabi/lib/armv7e-m/fpu\libm.a
END GROUP
START GROUP
LOAD e:/atollic studio/truestudio for stm32 9.0.0/armtools/bin/../lib/gcc/arm-atollic-eabi/6.3.1/armv7e-m/fpu\libgcc.a
LOAD e:/atollic studio/truestudio for stm32 9.0.0/armtools/bin/../lib/gcc/arm-atollic-eabi/6.3.1/../../../../arm-atollic-eabi/lib/armv7e-m/fpu\libc_nano.a
END GROUP
START GROUP
LOAD e:/atollic studio/truestudio for stm32 9.0.0/armtools/bin/../lib/gcc/arm-atollic-eabi/6.3.1/armv7e-m/fpu\libgcc.a
LOAD e:/atollic studio/truestudio for stm32 9.0.0/armtools/bin/../lib/gcc/arm-atollic-eabi/6.3.1/../../../../arm-atollic-eabi/lib/armv7e-m/fpu\libc_nano.a
LOAD e:/atollic studio/truestudio for stm32 9.0.0/armtools/bin/../lib/gcc/arm-atollic-eabi/6.3.1/../../../../arm-atollic-eabi/lib/armv7e-m/fpu\libnosys.a
END GROUP
START GROUP
LOAD e:/atollic studio/truestudio for stm32 9.0.0/armtools/bin/../lib/gcc/arm-atollic-eabi/6.3.1/armv7e-m/fpu\libgcc.a
LOAD e:/atollic studio/truestudio for stm32 9.0.0/armtools/bin/../lib/gcc/arm-atollic-eabi/6.3.1/../../../../arm-atollic-eabi/lib/armv7e-m/fpu\libc_nano.a
LOAD e:/atollic studio/truestudio for stm32 9.0.0/armtools/bin/../lib/gcc/arm-atollic-eabi/6.3.1/../../../../arm-atollic-eabi/lib/armv7e-m/fpu\libnosys.a
END GROUP
LOAD e:/atollic studio/truestudio for stm32 9.0.0/armtools/bin/../lib/gcc/arm-atollic-eabi/6.3.1/armv7e-m/fpu/crtend.o
LOAD e:/atollic studio/truestudio for stm32 9.0.0/armtools/bin/../lib/gcc/arm-atollic-eabi/6.3.1/armv7e-m/fpu/crtn.o
                0x20050000                _estack = 0x20050000
                0x00000200                _Min_Heap_Size = 0x200
                0x00000400                _Min_Stack_Size = 0x400

.isr_vector     0x08000000      0x1d8
                0x08000000                . = ALIGN (0x4)
 *(.isr_vector)
 .isr_vector    0x08000000      0x1d8 startup\startup_stm32f413xx.o
                0x08000000                g_pfnVectors
                0x080001d8                . = ALIGN (0x4)

.text           0x080001d8      0xc90
                0x080001d8                . = ALIGN (0x4)
 *(.text)
 .text          0x080001d8       0x40 e:/atollic studio/truestudio for stm32 9.0.0/armtools/bin/../lib/gcc/arm-atollic-eabi/6.3.1/armv7e-m/fpu/crtbegin.o
 *(.text*)
 .text.LL_GPIO_Init
                0x08000218      0x144 Drivers\STM32F4xx_HAL_Driver\Src\stm32f4xx_ll_gpio.o
                0x08000218                LL_GPIO_Init
 .text.RCC_GetHCLKClockFreq
                0x0800035c       0x18 Drivers\STM32F4xx_HAL_Driver\Src\stm32f4xx_ll_rcc.o
                0x0800035c                RCC_GetHCLKClockFreq
 .text.RCC_GetPCLK1ClockFreq
                0x08000374       0x18 Drivers\STM32F4xx_HAL_Driver\Src\stm32f4xx_ll_rcc.o
                0x08000374                RCC_GetPCLK1ClockFreq
 .text.RCC_GetPCLK2ClockFreq
                0x0800038c       0x18 Drivers\STM32F4xx_HAL_Driver\Src\stm32f4xx_ll_rcc.o
                0x0800038c                RCC_GetPCLK2ClockFreq
 .text.RCC_PLL_GetFreqDomain_SYS
                0x080003a4       0x4c Drivers\STM32F4xx_HAL_Driver\Src\stm32f4xx_ll_rcc.o
                0x080003a4                RCC_PLL_GetFreqDomain_SYS
 .text.RCC_GetSystemClockFreq
                0x080003f0       0x28 Drivers\STM32F4xx_HAL_Driver\Src\stm32f4xx_ll_rcc.o
                0x080003f0                RCC_GetSystemClockFreq
 .text.LL_RCC_GetSystemClocksFreq
                0x08000418       0x20 Drivers\STM32F4xx_HAL_Driver\Src\stm32f4xx_ll_rcc.o
                0x08000418                LL_RCC_GetSystemClocksFreq
 .text.LL_SPI_Init
                0x08000438       0x60 Drivers\STM32F4xx_HAL_Driver\Src\stm32f4xx_ll_spi.o
                0x08000438                LL_SPI_Init
 .text.LL_TIM_Init
                0x08000498       0xc8 Drivers\STM32F4xx_HAL_Driver\Src\stm32f4xx_ll_tim.o
                0x08000498                LL_TIM_Init
 .text.LL_TIM_OC_Init
                0x08000560      0x1b0 Drivers\STM32F4xx_HAL_Driver\Src\stm32f4xx_ll_tim.o
                0x08000560                LL_TIM_OC_Init
 .text.LL_USART_Init
                0x08000710      0x118 Drivers\STM32F4xx_HAL_Driver\Src\stm32f4xx_ll_usart.o
                0x08000710                LL_USART_Init
 .text.LL_Init1msTick
                0x08000828       0x1c Drivers\STM32F4xx_HAL_Driver\Src\stm32f4xx_ll_utils.o
                0x08000828                LL_Init1msTick
 .text.LL_SetSystemCoreClock
                0x08000844        0xc Drivers\STM32F4xx_HAL_Driver\Src\stm32f4xx_ll_utils.o
                0x08000844                LL_SetSystemCoreClock
 .text.LL_AHB1_GRP1_EnableClock
                0x08000850       0x1c Src\gpio.o
 .text.MX_GPIO_Init
                0x0800086c       0x60 Src\gpio.o
                0x0800086c                MX_GPIO_Init
 .text.NVIC_GetPriorityGrouping
                0x080008cc       0x10 Src\main.o
 .text.NVIC_EncodePriority.constprop.5
                0x080008dc        0x4 Src\main.o
 .text.SystemClock_Config
                0x080008e0       0xe4 Src\main.o
                0x080008e0                SystemClock_Config
 .text.startup.main
                0x080009c4       0xfc Src\main.o
                0x080009c4                main
 .text.MX_SPI1_Init
                0x08000ac0       0x98 Src\spi.o
                0x08000ac0                MX_SPI1_Init
 .text.ReceiveData
                0x08000b58       0x20 Src\spi.o
                0x08000b58                ReceiveData
 .text.NMI_Handler
                0x08000b78        0x2 Src\stm32f4xx_it.o
                0x08000b78                NMI_Handler
 .text.HardFault_Handler
                0x08000b7a        0x2 Src\stm32f4xx_it.o
                0x08000b7a                HardFault_Handler
 .text.MemManage_Handler
                0x08000b7c        0x2 Src\stm32f4xx_it.o
                0x08000b7c                MemManage_Handler
 .text.BusFault_Handler
                0x08000b7e        0x2 Src\stm32f4xx_it.o
                0x08000b7e                BusFault_Handler
 .text.UsageFault_Handler
                0x08000b80        0x2 Src\stm32f4xx_it.o
                0x08000b80                UsageFault_Handler
 .text.SVC_Handler
                0x08000b82        0x2 Src\stm32f4xx_it.o
                0x08000b82                SVC_Handler
 .text.DebugMon_Handler
                0x08000b84        0x2 Src\stm32f4xx_it.o
                0x08000b84                DebugMon_Handler
 .text.PendSV_Handler
                0x08000b86        0x2 Src\stm32f4xx_it.o
                0x08000b86                PendSV_Handler
 .text.SysTick_Handler
                0x08000b88        0x2 Src\stm32f4xx_it.o
                0x08000b88                SysTick_Handler
 *fill*         0x08000b8a        0x2 
 .text.TIM3_IRQHandler
                0x08000b8c       0x3c Src\stm32f4xx_it.o
                0x08000b8c                TIM3_IRQHandler
 .text.USART1_IRQHandler
                0x08000bc8       0x24 Src\stm32f4xx_it.o
                0x08000bc8                USART1_IRQHandler
 .text.SystemInit
                0x08000bec       0x4c Src\system_stm32f4xx.o
                0x08000bec                SystemInit
 .text.MX_TIM3_Init
                0x08000c38       0xe4 Src\tim.o
                0x08000c38                MX_TIM3_Init
 .text.MX_USART1_UART_Init
                0x08000d1c       0x98 Src\usart.o
                0x08000d1c                MX_USART1_UART_Init
 .text.Reset_Handler
                0x08000db4       0x50 startup\startup_stm32f413xx.o
                0x08000db4                Reset_Handler
 .text.Default_Handler
                0x08000e04        0x2 startup\startup_stm32f413xx.o
                0x08000e04                RTC_Alarm_IRQHandler
                0x08000e04                EXTI2_IRQHandler
                0x08000e04                TIM8_CC_IRQHandler
                0x08000e04                UART8_IRQHandler
                0x08000e04                FMPI2C1_EV_IRQHandler
                0x08000e04                SPI4_IRQHandler
                0x08000e04                TIM1_CC_IRQHandler
                0x08000e04                DMA2_Stream5_IRQHandler
                0x08000e04                DMA1_Stream5_IRQHandler
                0x08000e04                CAN3_RX1_IRQHandler
                0x08000e04                PVD_IRQHandler
                0x08000e04                SDIO_IRQHandler
                0x08000e04                TAMP_STAMP_IRQHandler
                0x08000e04                CAN2_RX1_IRQHandler
                0x08000e04                EXTI3_IRQHandler
                0x08000e04                TIM8_TRG_COM_TIM14_IRQHandler
                0x08000e04                DFSDM1_FLT1_IRQHandler
                0x08000e04                TIM1_UP_TIM10_IRQHandler
                0x08000e04                TIM8_UP_TIM13_IRQHandler
                0x08000e04                I2C3_ER_IRQHandler
                0x08000e04                EXTI0_IRQHandler
                0x08000e04                I2C2_EV_IRQHandler
                0x08000e04                DMA1_Stream2_IRQHandler
                0x08000e04                CAN1_RX0_IRQHandler
                0x08000e04                FPU_IRQHandler
                0x08000e04                CAN3_SCE_IRQHandler
                0x08000e04                CAN2_SCE_IRQHandler
                0x08000e04                DMA2_Stream2_IRQHandler
                0x08000e04                SPI1_IRQHandler
                0x08000e04                TIM6_DAC_IRQHandler
                0x08000e04                TIM1_BRK_TIM9_IRQHandler
                0x08000e04                CAN2_RX0_IRQHandler
                0x08000e04                DMA2_Stream3_IRQHandler
                0x08000e04                USART6_IRQHandler
                0x08000e04                CAN3_RX0_IRQHandler
                0x08000e04                USART3_IRQHandler
                0x08000e04                DFSDM2_FLT3_IRQHandler
                0x08000e04                CAN1_RX1_IRQHandler
                0x08000e04                UART5_IRQHandler
                0x08000e04                DMA2_Stream0_IRQHandler
                0x08000e04                TIM4_IRQHandler
                0x08000e04                QUADSPI_IRQHandler
                0x08000e04                I2C1_EV_IRQHandler
                0x08000e04                DMA1_Stream6_IRQHandler
                0x08000e04                DMA1_Stream1_IRQHandler
                0x08000e04                UART4_IRQHandler
                0x08000e04                RCC_IRQHandler
                0x08000e04                UART9_IRQHandler
                0x08000e04                TIM8_BRK_TIM12_IRQHandler
                0x08000e04                Default_Handler
                0x08000e04                EXTI15_10_IRQHandler
                0x08000e04                ADC_IRQHandler
                0x08000e04                DMA1_Stream7_IRQHandler
                0x08000e04                DFSDM2_FLT0_IRQHandler
                0x08000e04                SPI5_IRQHandler
                0x08000e04                TIM7_IRQHandler
                0x08000e04                CAN2_TX_IRQHandler
                0x08000e04                TIM5_IRQHandler
                0x08000e04                DMA2_Stream7_IRQHandler
                0x08000e04                I2C3_EV_IRQHandler
                0x08000e04                DFSDM2_FLT2_IRQHandler
                0x08000e04                EXTI9_5_IRQHandler
                0x08000e04                RTC_WKUP_IRQHandler
                0x08000e04                SPI2_IRQHandler
                0x08000e04                DMA1_Stream0_IRQHandler
                0x08000e04                CAN1_TX_IRQHandler
                0x08000e04                FMPI2C1_ER_IRQHandler
                0x08000e04                EXTI4_IRQHandler
                0x08000e04                DFSDM2_FLT1_IRQHandler
                0x08000e04                RNG_IRQHandler
                0x08000e04                FSMC_IRQHandler
                0x08000e04                WWDG_IRQHandler
                0x08000e04                CAN3_TX_IRQHandler
                0x08000e04                TIM2_IRQHandler
                0x08000e04                OTG_FS_WKUP_IRQHandler
                0x08000e04                TIM1_TRG_COM_TIM11_IRQHandler
                0x08000e04                EXTI1_IRQHandler
                0x08000e04                UART7_IRQHandler
                0x08000e04                USART2_IRQHandler
                0x08000e04                DFSDM1_FLT0_IRQHandler
                0x08000e04                I2C2_ER_IRQHandler
                0x08000e04                DMA2_Stream1_IRQHandler
                0x08000e04                CAN1_SCE_IRQHandler
                0x08000e04                FLASH_IRQHandler
                0x08000e04                DMA2_Stream4_IRQHandler
                0x08000e04                OTG_FS_IRQHandler
                0x08000e04                SPI3_IRQHandler
                0x08000e04                DMA1_Stream4_IRQHandler
                0x08000e04                I2C1_ER_IRQHandler
                0x08000e04                LPTIM1_IRQHandler
                0x08000e04                DMA2_Stream6_IRQHandler
                0x08000e04                UART10_IRQHandler
                0x08000e04                SAI1_IRQHandler
                0x08000e04                DMA1_Stream3_IRQHandler
 *fill*         0x08000e06        0x2 
 .text.__libc_init_array
                0x08000e08       0x48 e:/atollic studio/truestudio for stm32 9.0.0/armtools/bin/../lib/gcc/arm-atollic-eabi/6.3.1/../../../../arm-atollic-eabi/lib/armv7e-m/fpu\libc_nano.a(lib_a-init.o)
                0x08000e08                __libc_init_array
 *(.glue_7)
 .glue_7        0x08000e50        0x0 linker stubs
 *(.glue_7t)
 .glue_7t       0x08000e50        0x0 linker stubs
 *(.eh_frame)
 .eh_frame      0x08000e50        0x0 e:/atollic studio/truestudio for stm32 9.0.0/armtools/bin/../lib/gcc/arm-atollic-eabi/6.3.1/armv7e-m/fpu/crtbegin.o
 *(.init)
 .init          0x08000e50        0x4 e:/atollic studio/truestudio for stm32 9.0.0/armtools/bin/../lib/gcc/arm-atollic-eabi/6.3.1/armv7e-m/fpu/crti.o
                0x08000e50                _init
 .init          0x08000e54        0x8 e:/atollic studio/truestudio for stm32 9.0.0/armtools/bin/../lib/gcc/arm-atollic-eabi/6.3.1/armv7e-m/fpu/crtn.o
 *(.fini)
 .fini          0x08000e5c        0x4 e:/atollic studio/truestudio for stm32 9.0.0/armtools/bin/../lib/gcc/arm-atollic-eabi/6.3.1/armv7e-m/fpu/crti.o
                0x08000e5c                _fini
 .fini          0x08000e60        0x8 e:/atollic studio/truestudio for stm32 9.0.0/armtools/bin/../lib/gcc/arm-atollic-eabi/6.3.1/armv7e-m/fpu/crtn.o
                0x08000e68                . = ALIGN (0x4)
                0x08000e68                _etext = .

.vfp11_veneer   0x08000e68        0x0
 .vfp11_veneer  0x08000e68        0x0 linker stubs

.v4_bx          0x08000e68        0x0
 .v4_bx         0x08000e68        0x0 linker stubs

.iplt           0x08000e68        0x0
 .iplt          0x08000e68        0x0 e:/atollic studio/truestudio for stm32 9.0.0/armtools/bin/../lib/gcc/arm-atollic-eabi/6.3.1/armv7e-m/fpu/crtbegin.o

.rodata         0x08000e68       0x18
                0x08000e68                . = ALIGN (0x4)
 *(.rodata)
 *(.rodata*)
 .rodata.AHBPrescTable
                0x08000e68       0x10 Src\system_stm32f4xx.o
                0x08000e68                AHBPrescTable
 .rodata.APBPrescTable
                0x08000e78        0x8 Src\system_stm32f4xx.o
                0x08000e78                APBPrescTable
                0x08000e80                . = ALIGN (0x4)

.rel.dyn        0x08000e80        0x0
 .rel.iplt      0x08000e80        0x0 e:/atollic studio/truestudio for stm32 9.0.0/armtools/bin/../lib/gcc/arm-atollic-eabi/6.3.1/armv7e-m/fpu/crtbegin.o

.ARM.extab
 *(.ARM.extab* .gnu.linkonce.armextab.*)

.ARM            0x08000e80        0x0
                0x08000e80                __exidx_start = .
 *(.ARM.exidx*)
                0x08000e80                __exidx_end = .

.preinit_array  0x08000e80        0x0
                0x08000e80                PROVIDE (__preinit_array_start, .)
 *(.preinit_array*)
                0x08000e80                PROVIDE (__preinit_array_end, .)

.init_array     0x08000e80        0x4
                0x08000e80                PROVIDE (__init_array_start, .)
 *(SORT(.init_array.*))
 *(.init_array*)
 .init_array    0x08000e80        0x4 e:/atollic studio/truestudio for stm32 9.0.0/armtools/bin/../lib/gcc/arm-atollic-eabi/6.3.1/armv7e-m/fpu/crtbegin.o
                0x08000e84                PROVIDE (__init_array_end, .)

.fini_array     0x08000e84        0x4
                [!provide]                PROVIDE (__fini_array_start, .)
 *(SORT(.fini_array.*))
 *(.fini_array*)
 .fini_array    0x08000e84        0x4 e:/atollic studio/truestudio for stm32 9.0.0/armtools/bin/../lib/gcc/arm-atollic-eabi/6.3.1/armv7e-m/fpu/crtbegin.o
                [!provide]                PROVIDE (__fini_array_end, .)
                0x08000e88                _sidata = LOADADDR (.data)

.data           0x20000000        0x4 load address 0x08000e88
                0x20000000                . = ALIGN (0x4)
                0x20000000                _sdata = .
 *(.data)
 *(.data*)
 .data.SystemCoreClock
                0x20000000        0x4 Src\system_stm32f4xx.o
                0x20000000                SystemCoreClock
                0x20000004                . = ALIGN (0x4)
                0x20000004                _edata = .

.igot.plt       0x20000004        0x0 load address 0x08000e8c
 .igot.plt      0x20000004        0x0 e:/atollic studio/truestudio for stm32 9.0.0/armtools/bin/../lib/gcc/arm-atollic-eabi/6.3.1/armv7e-m/fpu/crtbegin.o
                0x20000004                . = ALIGN (0x4)

.bss            0x20000004    0x138a0 load address 0x08000e8c
                0x20000004                _sbss = .
                0x20000004                __bss_start__ = _sbss
 *(.bss)
 .bss           0x20000004       0x1c e:/atollic studio/truestudio for stm32 9.0.0/armtools/bin/../lib/gcc/arm-atollic-eabi/6.3.1/armv7e-m/fpu/crtbegin.o
 *(.bss*)
 .bss.ArrI      0x20000020        0x2 Src\stm32f4xx_it.o
                0x20000020                ArrI
 *(COMMON)
 COMMON         0x20000022    0x13880 Src\stm32f4xx_it.o
                0x20000022                cobsArr1
                0x20004e42                cobsArr2
                0x2000ea82                meArr
                0x200138a4                . = ALIGN (0x4)
 *fill*         0x200138a2        0x2 
                0x200138a4                _ebss = .
                0x200138a4                __bss_end__ = _ebss

._user_heap_stack
                0x200138a4      0x600 load address 0x08000e8c
                0x200138a4                . = ALIGN (0x4)
                [!provide]                PROVIDE (end, .)
                [!provide]                PROVIDE (_end, .)
                0x20013aa4                . = (. + _Min_Heap_Size)
 *fill*         0x200138a4      0x200 
                0x20013ea4                . = (. + _Min_Stack_Size)
 *fill*         0x20013aa4      0x400 
                0x20013ea4                . = ALIGN (0x4)

/DISCARD/
 libc.a(*)
 libm.a(*)
 libgcc.a(*)

.ARM.attributes
                0x00000000       0x30
 *(.ARM.attributes)
 .ARM.attributes
                0x00000000       0x22 e:/atollic studio/truestudio for stm32 9.0.0/armtools/bin/../lib/gcc/arm-atollic-eabi/6.3.1/armv7e-m/fpu/crti.o
 .ARM.attributes
                0x00000022       0x34 e:/atollic studio/truestudio for stm32 9.0.0/armtools/bin/../lib/gcc/arm-atollic-eabi/6.3.1/armv7e-m/fpu/crtbegin.o
 .ARM.attributes
                0x00000056       0x39 Drivers\STM32F4xx_HAL_Driver\Src\stm32f4xx_ll_gpio.o
 .ARM.attributes
                0x0000008f       0x39 Drivers\STM32F4xx_HAL_Driver\Src\stm32f4xx_ll_rcc.o
 .ARM.attributes
                0x000000c8       0x39 Drivers\STM32F4xx_HAL_Driver\Src\stm32f4xx_ll_spi.o
 .ARM.attributes
                0x00000101       0x39 Drivers\STM32F4xx_HAL_Driver\Src\stm32f4xx_ll_tim.o
 .ARM.attributes
                0x0000013a       0x39 Drivers\STM32F4xx_HAL_Driver\Src\stm32f4xx_ll_usart.o
 .ARM.attributes
                0x00000173       0x39 Drivers\STM32F4xx_HAL_Driver\Src\stm32f4xx_ll_utils.o
 .ARM.attributes
                0x000001ac       0x39 Src\gpio.o
 .ARM.attributes
                0x000001e5       0x39 Src\main.o
 .ARM.attributes
                0x0000021e       0x39 Src\spi.o
 .ARM.attributes
                0x00000257       0x39 Src\stm32f4xx_it.o
 .ARM.attributes
                0x00000290       0x39 Src\system_stm32f4xx.o
 .ARM.attributes
                0x000002c9       0x39 Src\tim.o
 .ARM.attributes
                0x00000302       0x39 Src\usart.o
 .ARM.attributes
                0x0000033b       0x21 startup\startup_stm32f413xx.o
 .ARM.attributes
                0x0000035c       0x34 e:/atollic studio/truestudio for stm32 9.0.0/armtools/bin/../lib/gcc/arm-atollic-eabi/6.3.1/../../../../arm-atollic-eabi/lib/armv7e-m/fpu\libc_nano.a(lib_a-init.o)
 .ARM.attributes
                0x00000390       0x22 e:/atollic studio/truestudio for stm32 9.0.0/armtools/bin/../lib/gcc/arm-atollic-eabi/6.3.1/armv7e-m/fpu/crtn.o
OUTPUT(FDMcmain.elf elf32-littlearm)

.debug_info     0x00000000     0x9ac7
 .debug_info    0x00000000      0xa2f Drivers\STM32F4xx_HAL_Driver\Src\stm32f4xx_ll_gpio.o
 .debug_info    0x00000a2f     0x10ac Drivers\STM32F4xx_HAL_Driver\Src\stm32f4xx_ll_rcc.o
 .debug_info    0x00001adb      0x9a7 Drivers\STM32F4xx_HAL_Driver\Src\stm32f4xx_ll_spi.o
 .debug_info    0x00002482     0x131e Drivers\STM32F4xx_HAL_Driver\Src\stm32f4xx_ll_tim.o
 .debug_info    0x000037a0      0xa3f Drivers\STM32F4xx_HAL_Driver\Src\stm32f4xx_ll_usart.o
 .debug_info    0x000041df      0xbf7 Drivers\STM32F4xx_HAL_Driver\Src\stm32f4xx_ll_utils.o
 .debug_info    0x00004dd6      0x5d0 Src\gpio.o
 .debug_info    0x000053a6     0x14b5 Src\main.o
 .debug_info    0x0000685b      0x866 Src\spi.o
 .debug_info    0x000070c1      0x67b Src\stm32f4xx_it.o
 .debug_info    0x0000773c      0x537 Src\system_stm32f4xx.o
 .debug_info    0x00007c73      0xfeb Src\tim.o
 .debug_info    0x00008c5e      0xdfe Src\usart.o
 .debug_info    0x00009a5c       0x6b startup\startup_stm32f413xx.o

.debug_abbrev   0x00000000     0x1eda
 .debug_abbrev  0x00000000      0x27b Drivers\STM32F4xx_HAL_Driver\Src\stm32f4xx_ll_gpio.o
 .debug_abbrev  0x0000027b      0x2f7 Drivers\STM32F4xx_HAL_Driver\Src\stm32f4xx_ll_rcc.o
 .debug_abbrev  0x00000572      0x2da Drivers\STM32F4xx_HAL_Driver\Src\stm32f4xx_ll_spi.o
 .debug_abbrev  0x0000084c      0x2b1 Drivers\STM32F4xx_HAL_Driver\Src\stm32f4xx_ll_tim.o
 .debug_abbrev  0x00000afd      0x25e Drivers\STM32F4xx_HAL_Driver\Src\stm32f4xx_ll_usart.o
 .debug_abbrev  0x00000d5b      0x2a8 Drivers\STM32F4xx_HAL_Driver\Src\stm32f4xx_ll_utils.o
 .debug_abbrev  0x00001003      0x1c0 Src\gpio.o
 .debug_abbrev  0x000011c3      0x2d5 Src\main.o
 .debug_abbrev  0x00001498      0x227 Src\spi.o
 .debug_abbrev  0x000016bf      0x1de Src\stm32f4xx_it.o
 .debug_abbrev  0x0000189d      0x10e Src\system_stm32f4xx.o
 .debug_abbrev  0x000019ab      0x26f Src\tim.o
 .debug_abbrev  0x00001c1a      0x2ae Src\usart.o
 .debug_abbrev  0x00001ec8       0x12 startup\startup_stm32f413xx.o

.debug_loc      0x00000000     0x34ea
 .debug_loc     0x00000000      0x476 Drivers\STM32F4xx_HAL_Driver\Src\stm32f4xx_ll_gpio.o
 .debug_loc     0x00000476      0x743 Drivers\STM32F4xx_HAL_Driver\Src\stm32f4xx_ll_rcc.o
 .debug_loc     0x00000bb9      0x485 Drivers\STM32F4xx_HAL_Driver\Src\stm32f4xx_ll_spi.o
 .debug_loc     0x0000103e      0xeaa Drivers\STM32F4xx_HAL_Driver\Src\stm32f4xx_ll_tim.o
 .debug_loc     0x00001ee8      0x4d0 Drivers\STM32F4xx_HAL_Driver\Src\stm32f4xx_ll_usart.o
 .debug_loc     0x000023b8      0x68c Drivers\STM32F4xx_HAL_Driver\Src\stm32f4xx_ll_utils.o
 .debug_loc     0x00002a44       0x7b Src\gpio.o
 .debug_loc     0x00002abf      0x395 Src\main.o
 .debug_loc     0x00002e54       0xb7 Src\spi.o
 .debug_loc     0x00002f0b       0x8c Src\stm32f4xx_it.o
 .debug_loc     0x00002f97      0x11c Src\system_stm32f4xx.o
 .debug_loc     0x000030b3      0x176 Src\tim.o
 .debug_loc     0x00003229      0x2c1 Src\usart.o

.debug_aranges  0x00000000      0x408
 .debug_aranges
                0x00000000       0x40 Drivers\STM32F4xx_HAL_Driver\Src\stm32f4xx_ll_gpio.o
 .debug_aranges
                0x00000040       0xc8 Drivers\STM32F4xx_HAL_Driver\Src\stm32f4xx_ll_rcc.o
 .debug_aranges
                0x00000108       0x58 Drivers\STM32F4xx_HAL_Driver\Src\stm32f4xx_ll_spi.o
 .debug_aranges
                0x00000160       0x90 Drivers\STM32F4xx_HAL_Driver\Src\stm32f4xx_ll_tim.o
 .debug_aranges
                0x000001f0       0x40 Drivers\STM32F4xx_HAL_Driver\Src\stm32f4xx_ll_usart.o
 .debug_aranges
                0x00000230       0x58 Drivers\STM32F4xx_HAL_Driver\Src\stm32f4xx_ll_utils.o
 .debug_aranges
                0x00000288       0x28 Src\gpio.o
 .debug_aranges
                0x000002b0       0x40 Src\main.o
 .debug_aranges
                0x000002f0       0x28 Src\spi.o
 .debug_aranges
                0x00000318       0x50 Src\stm32f4xx_it.o
 .debug_aranges
                0x00000368       0x28 Src\system_stm32f4xx.o
 .debug_aranges
                0x00000390       0x20 Src\tim.o
 .debug_aranges
                0x000003b0       0x30 Src\usart.o
 .debug_aranges
                0x000003e0       0x28 startup\startup_stm32f413xx.o

.debug_ranges   0x00000000      0x9b0
 .debug_ranges  0x00000000       0x78 Drivers\STM32F4xx_HAL_Driver\Src\stm32f4xx_ll_gpio.o
 .debug_ranges  0x00000078      0x368 Drivers\STM32F4xx_HAL_Driver\Src\stm32f4xx_ll_rcc.o
 .debug_ranges  0x000003e0       0xa0 Drivers\STM32F4xx_HAL_Driver\Src\stm32f4xx_ll_spi.o
 .debug_ranges  0x00000480       0xe0 Drivers\STM32F4xx_HAL_Driver\Src\stm32f4xx_ll_tim.o
 .debug_ranges  0x00000560       0x78 Drivers\STM32F4xx_HAL_Driver\Src\stm32f4xx_ll_usart.o
 .debug_ranges  0x000005d8       0x90 Drivers\STM32F4xx_HAL_Driver\Src\stm32f4xx_ll_utils.o
 .debug_ranges  0x00000668       0x48 Src\gpio.o
 .debug_ranges  0x000006b0       0xf0 Src\main.o
 .debug_ranges  0x000007a0       0x50 Src\spi.o
 .debug_ranges  0x000007f0       0x40 Src\stm32f4xx_it.o
 .debug_ranges  0x00000830       0x18 Src\system_stm32f4xx.o
 .debug_ranges  0x00000848       0xb8 Src\tim.o
 .debug_ranges  0x00000900       0x90 Src\usart.o
 .debug_ranges  0x00000990       0x20 startup\startup_stm32f413xx.o

.debug_line     0x00000000     0x302e
 .debug_line    0x00000000      0x376 Drivers\STM32F4xx_HAL_Driver\Src\stm32f4xx_ll_gpio.o
 .debug_line    0x00000376      0x793 Drivers\STM32F4xx_HAL_Driver\Src\stm32f4xx_ll_rcc.o
 .debug_line    0x00000b09      0x39a Drivers\STM32F4xx_HAL_Driver\Src\stm32f4xx_ll_spi.o
 .debug_line    0x00000ea3      0x581 Drivers\STM32F4xx_HAL_Driver\Src\stm32f4xx_ll_tim.o
 .debug_line    0x00001424      0x38f Drivers\STM32F4xx_HAL_Driver\Src\stm32f4xx_ll_usart.o
 .debug_line    0x000017b3      0x438 Drivers\STM32F4xx_HAL_Driver\Src\stm32f4xx_ll_utils.o
 .debug_line    0x00001beb      0x238 Src\gpio.o
 .debug_line    0x00001e23      0x43a Src\main.o
 .debug_line    0x0000225d      0x2f2 Src\spi.o
 .debug_line    0x0000254f      0x298 Src\stm32f4xx_it.o
 .debug_line    0x000027e7      0x1c4 Src\system_stm32f4xx.o
 .debug_line    0x000029ab      0x2c2 Src\tim.o
 .debug_line    0x00002c6d      0x342 Src\usart.o
 .debug_line    0x00002faf       0x7f startup\startup_stm32f413xx.o

.debug_str      0x00000000     0x2592
 .debug_str     0x00000000      0x477 Drivers\STM32F4xx_HAL_Driver\Src\stm32f4xx_ll_gpio.o
                                0x4fa (size before relaxing)
 .debug_str     0x00000477      0x75e Drivers\STM32F4xx_HAL_Driver\Src\stm32f4xx_ll_rcc.o
                                0xa93 (size before relaxing)
 .debug_str     0x00000bd5      0x29d Drivers\STM32F4xx_HAL_Driver\Src\stm32f4xx_ll_spi.o
                                0x610 (size before relaxing)
 .debug_str     0x00000e72      0x5ba Drivers\STM32F4xx_HAL_Driver\Src\stm32f4xx_ll_tim.o
                                0x9a6 (size before relaxing)
 .debug_str     0x0000142c      0x1e3 Drivers\STM32F4xx_HAL_Driver\Src\stm32f4xx_ll_usart.o
                                0x644 (size before relaxing)
 .debug_str     0x0000160f      0x368 Drivers\STM32F4xx_HAL_Driver\Src\stm32f4xx_ll_utils.o
                                0x750 (size before relaxing)
 .debug_str     0x00001977       0x70 Src\gpio.o
                                0x466 (size before relaxing)
 .debug_str     0x000019e7      0x841 Src\main.o
                                0xe40 (size before relaxing)
 .debug_str     0x00002228       0xaa Src\spi.o
                                0x5c7 (size before relaxing)
 .debug_str     0x000022d2      0x157 Src\stm32f4xx_it.o
                                0x471 (size before relaxing)
 .debug_str     0x00002429       0x4c Src\system_stm32f4xx.o
                                0x3b5 (size before relaxing)
 .debug_str     0x00002475       0xb9 Src\tim.o
                                0xd33 (size before relaxing)
 .debug_str     0x0000252e       0x64 Src\usart.o
                                0xc3c (size before relaxing)

.comment        0x00000000       0x7c
 .comment       0x00000000       0x7c Drivers\STM32F4xx_HAL_Driver\Src\stm32f4xx_ll_gpio.o
                                 0x7d (size before relaxing)
 .comment       0x0000007c       0x7d Drivers\STM32F4xx_HAL_Driver\Src\stm32f4xx_ll_rcc.o
 .comment       0x0000007c       0x7d Drivers\STM32F4xx_HAL_Driver\Src\stm32f4xx_ll_spi.o
 .comment       0x0000007c       0x7d Drivers\STM32F4xx_HAL_Driver\Src\stm32f4xx_ll_tim.o
 .comment       0x0000007c       0x7d Drivers\STM32F4xx_HAL_Driver\Src\stm32f4xx_ll_usart.o
 .comment       0x0000007c       0x7d Drivers\STM32F4xx_HAL_Driver\Src\stm32f4xx_ll_utils.o
 .comment       0x0000007c       0x7d Src\gpio.o
 .comment       0x0000007c       0x7d Src\main.o
 .comment       0x0000007c       0x7d Src\spi.o
 .comment       0x0000007c       0x7d Src\stm32f4xx_it.o
 .comment       0x0000007c       0x7d Src\system_stm32f4xx.o
 .comment       0x0000007c       0x7d Src\tim.o
 .comment       0x0000007c       0x7d Src\usart.o

.debug_frame    0x00000000      0x88c
 .debug_frame   0x00000000       0x7c Drivers\STM32F4xx_HAL_Driver\Src\stm32f4xx_ll_gpio.o
 .debug_frame   0x0000007c      0x1f0 Drivers\STM32F4xx_HAL_Driver\Src\stm32f4xx_ll_rcc.o
 .debug_frame   0x0000026c       0xb4 Drivers\STM32F4xx_HAL_Driver\Src\stm32f4xx_ll_spi.o
 .debug_frame   0x00000320      0x13c Drivers\STM32F4xx_HAL_Driver\Src\stm32f4xx_ll_tim.o
 .debug_frame   0x0000045c       0x7c Drivers\STM32F4xx_HAL_Driver\Src\stm32f4xx_ll_usart.o
 .debug_frame   0x000004d8       0xe0 Drivers\STM32F4xx_HAL_Driver\Src\stm32f4xx_ll_utils.o
 .debug_frame   0x000005b8       0x4c Src\gpio.o
 .debug_frame   0x00000604       0x70 Src\main.o
 .debug_frame   0x00000674       0x44 Src\spi.o
 .debug_frame   0x000006b8       0xcc Src\stm32f4xx_it.o
 .debug_frame   0x00000784       0x38 Src\system_stm32f4xx.o
 .debug_frame   0x000007bc       0x38 Src\tim.o
 .debug_frame   0x000007f4       0x6c Src\usart.o
 .debug_frame   0x00000860       0x2c e:/atollic studio/truestudio for stm32 9.0.0/armtools/bin/../lib/gcc/arm-atollic-eabi/6.3.1/../../../../arm-atollic-eabi/lib/armv7e-m/fpu\libc_nano.a(lib_a-init.o)
