stm32f4xx_ll_rcc.h:5940:26:LL_RCC_PLLI2S_GetMainSource	0	static
stm32f4xx_ll_rcc.c:202:13:LL_RCC_DeInit	0	static
stm32f4xx_ll_rcc.c:1172:10:RCC_GetHCLKClockFreq	0	static
stm32f4xx_ll_rcc.c:1183:10:RCC_GetPCLK1ClockFreq	0	static
stm32f4xx_ll_rcc.c:1194:10:RCC_GetPCLK2ClockFreq	0	static
stm32f4xx_ll_rcc.c:1205:10:RCC_PLL_GetFreqDomain_SYS	8	static
stm32f4xx_ll_rcc.c:1134:10:RCC_GetSystemClockFreq	0	static
stm32f4xx_ll_rcc.c:318:6:LL_RCC_GetSystemClocksFreq	8	static
stm32f4xx_ll_rcc.c:341:10:LL_RCC_GetFMPI2CClockFreq	8	static
stm32f4xx_ll_rcc.c:500:10:LL_RCC_GetLPTIMClockFreq	8	static
stm32f4xx_ll_rcc.c:923:10:LL_RCC_GetDFSDMClockFreq	8	static
stm32f4xx_ll_rcc.c:1249:10:RCC_PLL_GetFreqDomain_48M	0	static
stm32f4xx_ll_rcc.c:1311:10:RCC_PLL_GetFreqDomain_I2S	0	static
stm32f4xx_ll_rcc.c:1372:10:RCC_PLL_GetFreqDomain_SAI	8	static
stm32f4xx_ll_rcc.c:1513:10:RCC_PLLI2S_GetFreqDomain_SAI	16	static
stm32f4xx_ll_rcc.c:557:10:LL_RCC_GetSAIClockFreq	0	static
stm32f4xx_ll_rcc.c:1589:10:RCC_PLLI2S_GetFreqDomain_I2S	8	static
stm32f4xx_ll_rcc.c:385:10:LL_RCC_GetI2SClockFreq	0	static
stm32f4xx_ll_rcc.c:976:10:LL_RCC_GetDFSDMAudioClockFreq	0	static
stm32f4xx_ll_rcc.c:1627:10:RCC_PLLI2S_GetFreqDomain_48M	8	static
stm32f4xx_ll_rcc.c:697:10:LL_RCC_GetSDIOClockFreq	0	static
stm32f4xx_ll_rcc.c:863:10:LL_RCC_GetUSBClockFreq	0	static
stm32f4xx_ll_rcc.c:768:10:LL_RCC_GetRNGClockFreq	0	static
